Script started on 2026-06-08 05:15:51+00:00 [TERM="screen" TTY="/dev/pts/3" COLUMNS="183" LINES="37"]
                    env.BASE_URL = sh(
                        script: '''
                        aws cloudformation describe-stacks \
                            --stack-name staging-todo-list-aws \
                            --query "Stacks[0].Outputs[?OutputKey=='BaseUrlApi'].OutputValue" \
                            --output text
                        ''',
                        returnStdout: true
                    ).trim()
                }
                sh '''
                export BASE_URL=${BASE_URL}
                ${VENV_DIR}/bin/pytest test/integration/todoApiTest.py -v
                '''
            }
        }
        stage('Promote') {
            steps {
                sh '''
                git config user.email "jenkins@local"
                git config user.name "Jenkins"
                git fetch origin master
                git checkout master
                git merge origin/develop --no-edit
                git push origin master
                '''
            }
        }
    }
    post {
        always {
            archiveArtifacts artifacts: 'reports/*', allowEmptyArchive: true
            cleanWs()
        }
        success {
            echo 'Pipeline ejecutado correctamente'
        }
        failure {
            echo 'Pipeline fallido'
        }
    }
}[?2004hubuntu@ip-172-31-44-229:~/todo-list-aws$                     env.BASE_URL = sh(
[?2004lbash: syntax error near unexpected token `('
[?2004hubuntu@ip-172-31-44-229:~/todo-list-aws$                         script: '''
[?2004l[?2004h>                         aws cloudformation describe-stacks \
[?2004l[?2004h>                             --stack-name staging-todo-list-aws \
[?2004l[?2004h>                             --query "Stacks[0].Outputs[?OutputKey=='BaseUrlApi'].OutputValue" \
[?2004l[?2004h>                             --output text
[?2004l[?2004h>                         ''',
[?2004lCommand 'script:' not found, did you mean:
  command 'script6' from deb ipv6toolkit (2.0+ds.1-2)
  command 'script' from deb bsdutils (1:2.39.3-9ubuntu6.5)
Try: sudo apt install <deb name>
[?2004hubuntu@ip-172-31-44-229:~/todo-list-aws$                         returnStdout: true
[?2004lreturnStdout:: command not found
[?2004hubuntu@ip-172-31-44-229:~/todo-list-aws$                     ).trim()
[?2004lbash: syntax error near unexpected token `)'
[?2004hubuntu@ip-172-31-44-229:~/todo-list-aws$                 }
[?2004lbash: syntax error near unexpected token `}'
[?2004hubuntu@ip-172-31-44-229:~/todo-list-aws$                 sh '''
[?2004l[?2004h>                 export BASE_URL=${BASE_URL}
[?2004l[?2004h>                 ${VENV_DIR}/bin/pytest test/integration/todoApiTest.py -v
[?2004l[?2004h>                 '''
[?2004lsh: 0: cannot open 
                export BASE_URL=${BASE_URL}
                ${VENV_DIR}/bin/pytest test/integration/todoApiTest.py -v
                : No such file
[?2004hubuntu@ip-172-31-44-229:~/todo-list-aws$             }
[?2004lbash: syntax error near unexpected token `}'
[?2004hubuntu@ip-172-31-44-229:~/todo-list-aws$         }
[?2004lbash: syntax error near unexpected token `}'
[?2004hubuntu@ip-172-31-44-229:~/todo-list-aws$         stage('Promote') {
[?2004lbash: syntax error near unexpected token `'Promote''
[?2004hubuntu@ip-172-31-44-229:~/todo-list-aws$             steps {
[?2004lCommand 'steps' not found, did you mean:
  command 'step' from deb step (4:23.08.4-0ubuntu1)
  command 'stops' from deb vasttrafik-cli (1.8-1)
Try: sudo apt install <deb name>
[?2004hubuntu@ip-172-31-44-229:~/todo-list-aws$                 sh '''
[?2004l[?2004h>                 git config user.email "jenkins@local"
[?2004l[?2004h>                 git config user.name "Jenkins"
[?2004l[?2004h>                 git fetch origin master
[?2004l[?2004h>                 git checkout master
[?2004l[?2004h>                 git merge origin/develop --no-edit
[?2004l[?2004h>                 git push origin master
[?2004l[?2004h>                 '''
[?2004lsh: 0: cannot open 
                git config user.email "jenkins@local"
                git config user.name "Jenkins"
                git fetch origin master
                git checkout master
                git merge origin/develop --no-edit
                git push origin master
                : No such file
[?2004hubuntu@ip-172-31-44-229:~/todo-list-aws$             }
[?2004lbash: syntax error near unexpected token `}'
[?2004hubuntu@ip-172-31-44-229:~/todo-list-aws$         }
[?2004lbash: syntax error near unexpected token `}'
[?2004hubuntu@ip-172-31-44-229:~/todo-list-aws$     }
[?2004lbash: syntax error near unexpected token `}'
[?2004hubuntu@ip-172-31-44-229:~/todo-list-aws$     post {
[?2004l^C[?2004hubuntu@ip-172-31-44-229:~/todo-list-aws$ ^C[?2004l[?2004h[?2004l
[?2004hubuntu@ip-172-31-44-229:~/todo-list-aws$ git diffpush origin developll[C[C[C[C[C[C[C[C[C[C[C[C[C[C[Cstatus[Kfetch origin[6Pbranchpush origin developclear[Kgit push origin develop[3Pls-remote originconfig --global user.email[1Pnameemail "merliarizaherrera@gmail.com"[18Pname "merliariza"email[K[1Pname[6Ppush origin develop[1Premote show originpush origin developconfig --global user.nameemailname "merliariza"[K[K[K[K[K[K[K[K[K[K[K[K[K[K[K[K[K[K[K[K[K[K[K[K[K[K[K[K[K[K[K[K[K[K[K[K[K[Kadd .
[?2004l[?2004hubuntu@ip-172-31-44-229:~/todo-list-aws$ git add .[1Pdiffpush origin developll[C[C[C[C[C[C[C[C[C[C[C[C[C[C[Cstatus[Kfetch origin[6Pbranchpush origin developclear[Kgit push origin developclear[Kgit push origin developbranch[Kfetch origin[6Pstatuspull origin developsh[C[C[C[C[C[C[C[C[C[C[C[C[C[C[Cdiff[Kadd .[Kgit add .[1Pdiffpush origin developll[C[C[C[C[C[C[C[C[C[C[C[C[C[C[Cstatus[Kfetch origin[6Pbranchpush origin developclear[Kgit push origin develop[3Pls-remote originconfig --global user.email[1Pnameemail "merliarizaherrera@gmail.com"[18Pname "merliariza"email[K[1Pname[6Ppush origin develop[1Premote show originconfig --global user.email[1Pname[16Premote -vpush origin developEOF[Khost=github.com[1Pprotocol=httpsgit credential reject <<EOFonfig --global --unset credential.helperremote -v[K[8Pclear[K[K[K[K[Kgit m[Kcommit - [Km #[K""F"i"s"[1P"z" "[1P"[1P"x" "p"y"t"h"o"n" "i"n"s"t"a"ller"
[?2004lAuto packing the repository in background for optimum performance.
See "git help gc" for manual housekeeping.
warning: The last gc run reported the following. Please correct the root cause
and remove .git/gc.log
Automatic cleanup will not be performed until the file is removed.

warning: There are too many unreachable loose objects; run 'git prune' to remove them.

[develop 6cfc2eb] Fix python installer
 2 files changed, 94 insertions(+), 5 deletions(-)
 create mode 100644 {
[?2004hubuntu@ip-172-31-44-229:~/todo-list-aws$ git push
[?2004lUsername for 'https://github.com': merliariza
Password for 'https://merliariza@github.com': 
Enumerating objects: 6, done.
Counting objects:  16% (1/6)Counting objects:  33% (2/6)Counting objects:  50% (3/6)Counting objects:  66% (4/6)Counting objects:  83% (5/6)Counting objects: 100% (6/6)Counting objects: 100% (6/6), done.
Delta compression using up to 2 threads
Compressing objects:  25% (1/4)Compressing objects:  50% (2/4)Compressing objects:  75% (3/4)Compressing objects: 100% (4/4)Compressing objects: 100% (4/4), done.
Writing objects:  25% (1/4)Writing objects:  50% (2/4)Writing objects:  75% (3/4)Writing objects: 100% (4/4)Writing objects: 100% (4/4), 1.48 KiB | 1.48 MiB/s, done.
Total 4 (delta 2), reused 0 (delta 0), pack-reused 0
remote: Resolving deltas:   0% (0/2)[Kremote: Resolving deltas:  50% (1/2)[Kremote: Resolving deltas: 100% (2/2)[Kremote: Resolving deltas: 100% (2/2), completed with 2 local objects.[K
To https://github.com/merliariza/todo-list-aws.git
   5a4338b..6cfc2eb  develop -> develop
[?2004hubuntu@ip-172-31-44-229:~/todo-list-aws$ git pushcommit -m "Fix python installer"add .[K[1Pdiffadd .
[?2004l[?2004hubuntu@ip-172-31-44-229:~/todo-list-aws$ git add .[1Ppushcommit -m "Fix python installer"add .[Kcommit -m "Fix python installer"
[?2004lAuto packing the repository in background for optimum performance.
See "git help gc" for manual housekeeping.
warning: The last gc run reported the following. Please correct the root cause
and remove .git/gc.log
Automatic cleanup will not be performed until the file is removed.

warning: There are too many unreachable loose objects; run 'git prune' to remove them.

[develop c95a990] Fix python installer
 2 files changed, 37 insertions(+), 10 deletions(-)
[?2004hubuntu@ip-172-31-44-229:~/todo-list-aws$ git commit -m "Fix python installer"add .[K[1Ppush
[?2004lUsername for 'https://github.com': merliariza
Password for 'https://merliariza@github.com': 
Enumerating objects: 7, done.
Counting objects:  14% (1/7)Counting objects:  28% (2/7)Counting objects:  42% (3/7)Counting objects:  57% (4/7)Counting objects:  71% (5/7)Counting objects:  85% (6/7)Counting objects: 100% (7/7)Counting objects: 100% (7/7), done.
Delta compression using up to 2 threads
Compressing objects:  25% (1/4)Compressing objects:  50% (2/4)Compressing objects:  75% (3/4)Compressing objects: 100% (4/4)Compressing objects: 100% (4/4), done.
Writing objects:  25% (1/4)Writing objects:  50% (2/4)Writing objects:  75% (3/4)Writing objects: 100% (4/4)Writing objects: 100% (4/4), 2.08 KiB | 2.08 MiB/s, done.
Total 4 (delta 2), reused 0 (delta 0), pack-reused 0
remote: Resolving deltas:   0% (0/2)[Kremote: Resolving deltas:  50% (1/2)[Kremote: Resolving deltas: 100% (2/2)[Kremote: Resolving deltas: 100% (2/2), completed with 2 local objects.[K
To https://github.com/merliariza/todo-list-aws.git
   6cfc2eb..c95a990  develop -> develop
[?2004hubuntu@ip-172-31-44-229:~/todo-list-aws$ git pushcommit -m "Fix python installer"add .[K
[?2004l[?2004hubuntu@ip-172-31-44-229:~/todo-list-aws$ git add .[1Ppushcommit -m "Fix python installer"[1P"[1P"[1P"[1P"[1P"[1P"[1P"[1P"[1P"[1P"[1P"[1P"[1P"[1P"[1P"[1P"p"a"t"h" "a"n"d" "s"a"m" "d"e"p"l"o"y"m"e"n"t"
[?2004lAuto packing the repository in background for optimum performance.
See "git help gc" for manual housekeeping.
warning: The last gc run reported the following. Please correct the root cause
and remove .git/gc.log
Automatic cleanup will not be performed until the file is removed.

warning: There are too many unreachable loose objects; run 'git prune' to remove them.

[develop 63395f8] Fix path and sam deployment
 1 file changed, 2 insertions(+), 2 deletions(-)
[?